// Jest Snapshot v1, https://goo.gl/fbAQLP

exports[`Party Component should match snapshot 1`] = `
<div
  className="party"
>
  <img
    alt="🐧"
    src="http://cultofthepartyparrot.com/parrots/hd/middleparrot.gif"
  />
</div>
`;
